2026-09-09 05:37:15,262 - agent.assistant_graph - INFO - [TELEMETRY] User: ci_test_user | Intent: clinical_intercept | Router: 1.841ms | TTFT: 0.0ms | Tokens: 0 | GenTime: 0.00s | Speed: 0.00 TPS
2026-09-09 05:37:17,357 - agent.assistant_graph - INFO - [TELEMETRY] User: ci_test_user | Intent: coaching_qa | Router: 0.015ms | TTFT: 250.0ms | Tokens: 35 | GenTime: 2.50s | Speed: 14.00 TPS
2026-09-09 21:09:34,918 - agent.assistant_graph - INFO - [TELEMETRY] User: new_trainee | Intent: clinical_intercept | Router: 1.934ms | TTFT: 0.0ms | Tokens: 0 | GenTime: 0.00s | Speed: 0.00 TPS
2026-09-09 21:10:45,180 - agent.assistant_graph - INFO - [TELEMETRY] User: new_trainee | Intent: coaching_qa | Router: 1.851ms | TTFT: 31267.8ms | Tokens: 161 | GenTime: 29.00s | Speed: 5.55 TPS
2026-09-09 21:10:45,186 - agent.assistant_graph - WARNING - [PERF DEGRADATION] Low inference throughput detected: 5.55 TPS (Threshold: 8.0 TPS). Check CPU temperature or background processes.
2026-09-09 21:11:19,784 - agent.assistant_graph - INFO - [TELEMETRY] User: new_trainee | Intent: exercise_substitution | Router: 1.592ms | TTFT: 0.0ms | Tokens: 0 | GenTime: 0.00s | Speed: 0.00 TPS
2026-09-09 21:12:24,847 - agent.assistant_graph - INFO - [TELEMETRY] User: new_trainee | Intent: exercise_substitution | Router: 1.621ms | TTFT: 0.0ms | Tokens: 0 | GenTime: 0.00s | Speed: 0.00 TPS
2026-09-09 21:13:06,809 - agent.assistant_graph - INFO - [TELEMETRY] User: new_trainee | Intent: coaching_qa | Router: 1.647ms | TTFT: 23722.4ms | Tokens: 42 | GenTime: 8.14s | Speed: 5.16 TPS
2026-09-09 21:13:06,810 - agent.assistant_graph - WARNING - [PERF DEGRADATION] Low inference throughput detected: 5.16 TPS (Threshold: 8.0 TPS). Check CPU temperature or background processes.
2026-09-09 21:13:30,017 - agent.assistant_graph - INFO - [TELEMETRY] User: new_trainee | Intent: program_mutation | Router: 2.053ms | TTFT: 0.0ms | Tokens: 0 | GenTime: 0.00s | Speed: 0.00 TPS
2026-09-12 13:08:59,385 - agent.assistant_graph - INFO - [TELEMETRY] User: test_user | Intent: coaching_qa | Router: 0.033ms | TTFT: 0.0ms | Tokens: 3 | GenTime: 0.00s | Speed: 1390820.63 TPS
2026-09-12 13:08:59,387 - agent.assistant_graph - INFO - [TELEMETRY] User: test_user | Intent: program_mutation | Router: 0.018ms | TTFT: 0.0ms | Tokens: 0 | GenTime: 0.00s | Speed: 0.00 TPS
2026-09-12 13:08:59,733 - agent.assistant_graph - INFO - [TELEMETRY] User: test_user | Intent: clinical_intercept | Router: 0.541ms | TTFT: 0.0ms | Tokens: 0 | GenTime: 0.00s | Speed: 0.00 TPS
2026-09-12 13:09:01,804 - agent.assistant_graph - INFO - [TELEMETRY] User: test_user | Intent: clinical_intercept | Router: 0.464ms | TTFT: 0.0ms | Tokens: 0 | GenTime: 0.00s | Speed: 0.00 TPS
2026-09-12 13:09:03,876 - agent.assistant_graph - INFO - [TELEMETRY] User: test_user | Intent: clinical_intercept | Router: 0.578ms | TTFT: 0.0ms | Tokens: 0 | GenTime: 0.00s | Speed: 0.00 TPS
2026-09-12 13:09:05,948 - agent.assistant_graph - INFO - [TELEMETRY] User: test_user | Intent: clinical_intercept | Router: 0.470ms | TTFT: 0.0ms | Tokens: 0 | GenTime: 0.00s | Speed: 0.00 TPS
2026-09-12 13:09:08,019 - agent.assistant_graph - INFO - [TELEMETRY] User: test_user | Intent: clinical_intercept | Router: 0.349ms | TTFT: 0.0ms | Tokens: 0 | GenTime: 0.00s | Speed: 0.00 TPS
2026-09-12 13:09:11,821 - agent.assistant_graph - INFO - [TELEMETRY] User: test_trainee | Intent: coaching_qa | Router: 0.025ms | TTFT: 0.0ms | Tokens: 3 | GenTime: 0.00s | Speed: 1432664.66 TPS
2026-09-12 13:09:29,397 - agent.assistant_graph - INFO - [TELEMETRY] User: ci_test_user | Intent: clinical_intercept | Router: 0.673ms | TTFT: 0.0ms | Tokens: 0 | GenTime: 0.00s | Speed: 0.00 TPS
2026-09-12 13:09:31,470 - agent.assistant_graph - INFO - [TELEMETRY] User: ci_test_user | Intent: coaching_qa | Router: 0.015ms | TTFT: 250.0ms | Tokens: 35 | GenTime: 2.50s | Speed: 14.00 TPS
2026-09-12 21:00:42,168 - agent.assistant_graph - INFO - [TELEMETRY] User: test_user | Intent: coaching_qa | Router: 15.574ms | TTFT: 0.0ms | Tokens: 3 | GenTime: 0.00s | Speed: 469924.96 TPS
2026-09-12 21:00:42,188 - agent.assistant_graph - INFO - [TELEMETRY] User: test_user | Intent: program_mutation | Router: 17.213ms | TTFT: 0.0ms | Tokens: 0 | GenTime: 0.00s | Speed: 0.00 TPS
2026-09-12 21:00:42,408 - agent.assistant_graph - INFO - [TELEMETRY] User: test_user | Intent: clinical_intercept | Router: 0.459ms | TTFT: 0.0ms | Tokens: 0 | GenTime: 0.00s | Speed: 0.00 TPS
2026-09-12 21:00:44,486 - agent.assistant_graph - INFO - [TELEMETRY] User: test_user | Intent: clinical_intercept | Router: 0.793ms | TTFT: 0.0ms | Tokens: 0 | GenTime: 0.00s | Speed: 0.00 TPS
2026-09-12 21:00:46,569 - agent.assistant_graph - INFO - [TELEMETRY] User: test_user | Intent: clinical_intercept | Router: 0.718ms | TTFT: 0.0ms | Tokens: 0 | GenTime: 0.00s | Speed: 0.00 TPS
2026-09-12 21:00:48,650 - agent.assistant_graph - INFO - [TELEMETRY] User: test_user | Intent: clinical_intercept | Router: 0.829ms | TTFT: 0.0ms | Tokens: 0 | GenTime: 0.00s | Speed: 0.00 TPS
2026-09-12 21:00:50,729 - agent.assistant_graph - INFO - [TELEMETRY] User: test_user | Intent: clinical_intercept | Router: 0.791ms | TTFT: 0.0ms | Tokens: 0 | GenTime: 0.00s | Speed: 0.00 TPS
2026-09-12 21:00:54,900 - agent.assistant_graph - INFO - [TELEMETRY] User: test_trainee | Intent: coaching_qa | Router: 15.394ms | TTFT: 0.0ms | Tokens: 3 | GenTime: 0.00s | Speed: 821917.28 TPS
2026-09-12 21:01:10,029 - agent.assistant_graph - INFO - [TELEMETRY] User: ci_test_user | Intent: clinical_intercept | Router: 0.300ms | TTFT: 0.0ms | Tokens: 0 | GenTime: 0.00s | Speed: 0.00 TPS
2026-09-12 21:01:12,112 - agent.assistant_graph - INFO - [TELEMETRY] User: ci_test_user | Intent: coaching_qa | Router: 0.015ms | TTFT: 250.0ms | Tokens: 35 | GenTime: 2.50s | Speed: 14.00 TPS
2026-09-12 21:11:38,546 - agent.assistant_graph - INFO - [TELEMETRY] User: test_user | Intent: coaching_qa | Router: 16.443ms | TTFT: 0.1ms | Tokens: 3 | GenTime: 0.00s | Speed: 462748.59 TPS
2026-09-12 21:11:38,564 - agent.assistant_graph - INFO - [TELEMETRY] User: test_user | Intent: program_mutation | Router: 14.976ms | TTFT: 0.0ms | Tokens: 0 | GenTime: 0.00s | Speed: 0.00 TPS
2026-09-12 21:11:38,784 - agent.assistant_graph - INFO - [TELEMETRY] User: test_user | Intent: clinical_intercept | Router: 0.459ms | TTFT: 0.0ms | Tokens: 0 | GenTime: 0.00s | Speed: 0.00 TPS
2026-09-12 21:11:40,860 - agent.assistant_graph - INFO - [TELEMETRY] User: test_user | Intent: clinical_intercept | Router: 0.481ms | TTFT: 0.0ms | Tokens: 0 | GenTime: 0.00s | Speed: 0.00 TPS
2026-09-12 21:11:42,939 - agent.assistant_graph - INFO - [TELEMETRY] User: test_user | Intent: clinical_intercept | Router: 0.652ms | TTFT: 0.0ms | Tokens: 0 | GenTime: 0.00s | Speed: 0.00 TPS
2026-09-12 21:11:45,020 - agent.assistant_graph - INFO - [TELEMETRY] User: test_user | Intent: clinical_intercept | Router: 0.679ms | TTFT: 0.0ms | Tokens: 0 | GenTime: 0.00s | Speed: 0.00 TPS
2026-09-12 21:11:47,100 - agent.assistant_graph - INFO - [TELEMETRY] User: test_user | Intent: clinical_intercept | Router: 0.891ms | TTFT: 0.0ms | Tokens: 0 | GenTime: 0.00s | Speed: 0.00 TPS
2026-09-12 21:11:51,171 - agent.assistant_graph - INFO - [TELEMETRY] User: test_trainee | Intent: coaching_qa | Router: 15.107ms | TTFT: 0.0ms | Tokens: 3 | GenTime: 0.00s | Speed: 722716.91 TPS
2026-09-12 21:12:06,119 - agent.assistant_graph - INFO - [TELEMETRY] User: ci_test_user | Intent: clinical_intercept | Router: 1.067ms | TTFT: 0.0ms | Tokens: 0 | GenTime: 0.00s | Speed: 0.00 TPS
2026-09-12 21:12:08,201 - agent.assistant_graph - INFO - [TELEMETRY] User: ci_test_user | Intent: coaching_qa | Router: 0.015ms | TTFT: 250.0ms | Tokens: 35 | GenTime: 2.50s | Speed: 14.00 TPS
