Resolving dependencies...
Downloading packages...
  cli_util 0.4.2 (0.6.0 available)
  code_assets 1.2.1 (2.1.0 available)
  dbus 0.7.15 (0.8.0 available)
  equatable 2.1.0 (3.0.0 available)
  flutter_lints 4.0.0 (6.0.0 available)
  flutter_riverpod 2.6.1 (3.4.3 available)
  flutter_secure_storage 9.2.4 (11.2.0 available)
  flutter_secure_storage_linux 1.2.3 (3.0.3 available)
  flutter_secure_storage_macos 3.1.3 (4.0.0 available)
  flutter_secure_storage_platform_interface 1.1.2 (2.1.1 available)
  flutter_secure_storage_web 1.2.1 (2.1.1 available)
  flutter_secure_storage_windows 3.1.2 (4.2.2 available)
  go_router 14.8.1 (18.0.2 available)
  hooks 2.0.2 (2.2.0 available)
  js 0.6.7 (0.7.2 available)
  lints 4.0.0 (6.1.0 available)
  material_color_utilities 0.13.0 (0.13.1 available)
  meta 1.18.3 (1.19.0 available)
  objective_c 9.5.0 (9.6.0 available)
  package_info_plus 9.0.1 (10.2.1 available)
  package_info_plus_platform_interface 3.2.1 (4.1.0 available)
  petitparser 7.0.2 (7.1.0 available)
  record_use 0.6.0 (1.1.1 available)
  riverpod 2.6.1 (3.4.3 available)
  test_api 0.7.12 (0.7.14 available)
  vector_math 2.4.0 (2.4.3 available)
  wakelock_plus 1.5.2 (1.8.0 available)
  win32 5.15.0 (6.4.0 available)
  xml 7.0.1 (7.1.0 available)
Got dependencies!
29 packages have newer versions incompatible with dependency constraints.
Try `flutter pub outdated` for more information.
Analyzing mobile...                                             
No issues found! (ran in 4.8s)
